[21:34:23] This is prokka 1.14.6
[21:34:23] Written by Torsten Seemann <torsten.seemann@gmail.com>
[21:34:23] Homepage is https://github.com/tseemann/prokka
[21:34:23] Local time is Tue Nov  4 21:34:23 2025
[21:34:23] You are laura
[21:34:23] Operating system is linux
[21:34:23] You have BioPerl 1.7.8
Argument "1.7.8" isn't numeric in numeric lt (<) at /home/laura/miniforge3/envs/genflow-prokka/bin/prokka line 259.
[21:34:23] System has 8 cores.
[21:34:23] Will use maximum of 2 cores.
[21:34:23] Annotating as >>> Bacteria <<<
[21:34:23] Generating locus_tag from 'Intermediate/genomeA.fasta' contents.
[21:34:23] Setting --locustag BHMAIPHE from MD5 b16a291e93957b6d3653dd950c9a7bce
[21:34:23] Re-using existing --outdir results/prokka/genomeA
[21:34:23] Using filename prefix: genomeA.XXX
[21:34:23] Setting HMMER_NCPU=1
[21:34:23] Writing log to: results/prokka/genomeA/genomeA.log
[21:34:23] Command: /home/laura/miniforge3/envs/genflow-prokka/bin/prokka --outdir results/prokka/genomeA --prefix genomeA --cpus 2 --force Intermediate/genomeA.fasta
[21:34:23] Appending to PATH: /home/laura/miniforge3/envs/genflow-prokka/bin
[21:34:23] Looking for 'aragorn' - found /home/laura/miniforge3/envs/genflow-prokka/bin/aragorn
[21:34:23] Determined aragorn version is 001002 from 'ARAGORN v1.2.41 Dean Laslett'
[21:34:23] Looking for 'barrnap' - found /home/laura/miniforge3/envs/genflow-prokka/bin/barrnap
[21:34:23] Determined barrnap version is 000009 from 'barrnap 0.9'
[21:34:23] Looking for 'blastp' - found /home/laura/miniforge3/envs/genflow-prokka/bin/blastp
[21:34:23] Determined blastp version is 002014 from 'blastp: 2.14.1+'
[21:34:23] Looking for 'cmpress' - found /home/laura/miniforge3/envs/genflow-prokka/bin/cmpress
[21:34:23] Determined cmpress version is 001001 from '# INFERNAL 1.1.5 (Sep 2023)'
[21:34:23] Looking for 'cmscan' - found /home/laura/miniforge3/envs/genflow-prokka/bin/cmscan
[21:34:23] Determined cmscan version is 001001 from '# INFERNAL 1.1.5 (Sep 2023)'
[21:34:23] Looking for 'egrep' - found /usr/bin/egrep
[21:34:23] Looking for 'find' - found /usr/bin/find
[21:34:23] Looking for 'grep' - found /usr/bin/grep
[21:34:23] Looking for 'hmmpress' - found /home/laura/miniforge3/envs/genflow-prokka/bin/hmmpress
[21:34:23] Determined hmmpress version is 003003 from '# HMMER 3.3.2 (Nov 2020); http://hmmer.org/'
[21:34:23] Looking for 'hmmscan' - found /home/laura/miniforge3/envs/genflow-prokka/bin/hmmscan
[21:34:23] Determined hmmscan version is 003003 from '# HMMER 3.3.2 (Nov 2020); http://hmmer.org/'
[21:34:23] Looking for 'java' - found /home/laura/miniforge3/envs/genflow-prokka/bin/java
[21:34:23] Looking for 'makeblastdb' - found /home/laura/miniforge3/envs/genflow-prokka/bin/makeblastdb
[21:34:23] Determined makeblastdb version is 002014 from 'makeblastdb: 2.14.1+'
[21:34:23] Looking for 'minced' - found /home/laura/miniforge3/envs/genflow-prokka/bin/minced
[21:34:23] Determined minced version is 004002 from 'minced 0.4.2'
[21:34:23] Looking for 'parallel' - found /home/laura/miniforge3/envs/genflow-prokka/bin/parallel
[21:34:24] Determined parallel version is 20250822 from 'GNU parallel 20250822'
[21:34:24] Looking for 'prodigal' - found /home/laura/miniforge3/envs/genflow-prokka/bin/prodigal
[21:34:24] Determined prodigal version is 002006 from 'Prodigal V2.6.3: February, 2016'
[21:34:24] Looking for 'prokka-genbank_to_fasta_db' - found /home/laura/miniforge3/envs/genflow-prokka/bin/prokka-genbank_to_fasta_db
[21:34:24] Looking for 'sed' - found /usr/bin/sed
[21:34:24] Looking for 'tbl2asn' - found /home/laura/miniforge3/envs/genflow-prokka/bin/tbl2asn
[21:34:24] Determined tbl2asn version is 025007 from 'tbl2asn 25.7   arguments:'
[21:34:24] Using genetic code table 11.
[21:34:24] Loading and checking input file: Intermediate/genomeA.fasta
[21:34:24] Wrote 1 contigs totalling 81576 bp.
[21:34:24] Predicting tRNAs and tmRNAs
[21:34:24] Running: aragorn -l -gc11  -w results\/prokka\/genomeA\/genomeA\.fna
[21:34:24] 1 tRNA-Gln [75726,75800] 33 (ttg)
[21:34:24] Found 1 tRNAs
[21:34:24] Predicting Ribosomal RNAs
[21:34:24] Running Barrnap with 2 threads
[21:34:24] Found 0 rRNAs
[21:34:24] Skipping ncRNA search, enable with --rfam if desired.
[21:34:24] Total of 1 tRNA + rRNA features
[21:34:24] Searching for CRISPR repeats
[21:34:24] Found 0 CRISPRs
[21:34:24] Predicting coding sequences
[21:34:24] Contigs total 81576 bp, so using meta mode
[21:34:24] Running: prodigal -i results\/prokka\/genomeA\/genomeA\.fna -c -m -g 11 -p meta -f sco -q
[21:34:25] Excluding CDS which overlaps existing RNA (tRNA) at NODE_16_length_81576_cov_173.353627:74850..75746 on + strand
[21:34:25] Excluding CDS which overlaps existing RNA (tRNA) at NODE_16_length_81576_cov_173.353627:75718..75891 on - strand
[21:34:25] Found 65 CDS
[21:34:25] Connecting features back to sequences
[21:34:25] Not using genus-specific database. Try --usegenus to enable it.
[21:34:25] Annotating CDS, please be patient.
[21:34:25] Will use 2 CPUs for similarity searching.
[21:34:25] There are still 65 unannotated CDS left (started with 65)
[21:34:25] Will use blast to search against /home/laura/miniforge3/envs/genflow-prokka/db/kingdom/Bacteria/IS with 2 CPUs
[21:34:25] Running: cat results\/prokka\/genomeA\/genomeA\.IS\.tmp\.61075\.faa | parallel --gnu --plain -j 2 --block 5894 --recstart '>' --pipe blastp -query - -db /home/laura/miniforge3/envs/genflow-prokka/db/kingdom/Bacteria/IS -evalue 1e-30 -qcov_hsp_perc 90 -num_threads 1 -num_descriptions 1 -num_alignments 1 -seg no > results\/prokka\/genomeA\/genomeA\.IS\.tmp\.61075\.blast 2> /dev/null
[21:34:27] Deleting unwanted file: results/prokka/genomeA/genomeA.IS.tmp.61075.faa
[21:34:27] Deleting unwanted file: results/prokka/genomeA/genomeA.IS.tmp.61075.blast
[21:34:27] There are still 65 unannotated CDS left (started with 65)
[21:34:27] Will use blast to search against /home/laura/miniforge3/envs/genflow-prokka/db/kingdom/Bacteria/AMR with 2 CPUs
[21:34:27] Running: cat results\/prokka\/genomeA\/genomeA\.AMR\.tmp\.61075\.faa | parallel --gnu --plain -j 2 --block 5894 --recstart '>' --pipe blastp -query - -db /home/laura/miniforge3/envs/genflow-prokka/db/kingdom/Bacteria/AMR -evalue 1e-300 -qcov_hsp_perc 90 -num_threads 1 -num_descriptions 1 -num_alignments 1 -seg no > results\/prokka\/genomeA\/genomeA\.AMR\.tmp\.61075\.blast 2> /dev/null
[21:34:28] Deleting unwanted file: results/prokka/genomeA/genomeA.AMR.tmp.61075.faa
[21:34:28] Deleting unwanted file: results/prokka/genomeA/genomeA.AMR.tmp.61075.blast
[21:34:28] There are still 65 unannotated CDS left (started with 65)
[21:34:28] Will use blast to search against /home/laura/miniforge3/envs/genflow-prokka/db/kingdom/Bacteria/sprot with 2 CPUs
[21:34:28] Running: cat results\/prokka\/genomeA\/genomeA\.sprot\.tmp\.61075\.faa | parallel --gnu --plain -j 2 --block 5894 --recstart '>' --pipe blastp -query - -db /home/laura/miniforge3/envs/genflow-prokka/db/kingdom/Bacteria/sprot -evalue 1e-09 -qcov_hsp_perc 80 -num_threads 1 -num_descriptions 1 -num_alignments 1 -seg no > results\/prokka\/genomeA\/genomeA\.sprot\.tmp\.61075\.blast 2> /dev/null
[21:34:36] Modify product: Probable protease SohB => putative protease SohB
[21:34:36] Modify product: Uncharacterized oxidoreductase YciK => putative oxidoreductase YciK
[21:34:36] Modify product: UPF0098 protein YbcL => hypothetical protein
[21:34:36] Modify product: UPF0301 protein VC_0467 => hypothetical protein
[21:34:36] Cleaned 4 /product names
[21:34:36] Deleting unwanted file: results/prokka/genomeA/genomeA.sprot.tmp.61075.faa
[21:34:36] Deleting unwanted file: results/prokka/genomeA/genomeA.sprot.tmp.61075.blast
[21:34:36] There are still 20 unannotated CDS left (started with 65)
[21:34:36] Will use hmmer3 to search against /home/laura/miniforge3/envs/genflow-prokka/db/hmm/HAMAP.hmm with 2 CPUs
[21:34:36] Running: cat results\/prokka\/genomeA\/genomeA\.HAMAP\.hmm\.tmp\.61075\.faa | parallel --gnu --plain -j 2 --block 1641 --recstart '>' --pipe hmmscan --noali --notextw --acc -E 1e-09 --cpu 1 /home/laura/miniforge3/envs/genflow-prokka/db/hmm/HAMAP.hmm /dev/stdin > results\/prokka\/genomeA\/genomeA\.HAMAP\.hmm\.tmp\.61075\.hmmer3 2> /dev/null
[21:34:37] Deleting unwanted file: results/prokka/genomeA/genomeA.HAMAP.hmm.tmp.61075.faa
[21:34:37] Deleting unwanted file: results/prokka/genomeA/genomeA.HAMAP.hmm.tmp.61075.hmmer3
[21:34:37] Labelling remaining 15 proteins as 'hypothetical protein'
[21:34:37] Found 46 unique /gene codes.
[21:34:37] Fixed 0 colliding /gene names.
[21:34:37] Adding /locus_tag identifiers
[21:34:37] Assigned 66 locus_tags to CDS and RNA features.
[21:34:37] Writing outputs to results/prokka/genomeA/
[21:34:37] Generating annotation statistics file
[21:34:37] Generating Genbank and Sequin files
[21:34:37] Running: tbl2asn -V b -a r10k -l paired-ends -M n -N 1 -y 'Annotated using prokka 1.14.6 from https://github.com/tseemann/prokka' -Z results\/prokka\/genomeA\/genomeA\.err -i results\/prokka\/genomeA\/genomeA\.fsa 2> /dev/null
[21:34:37] Deleting unwanted file: results/prokka/genomeA/errorsummary.val
[21:34:37] Deleting unwanted file: results/prokka/genomeA/genomeA.dr
[21:34:37] Deleting unwanted file: results/prokka/genomeA/genomeA.fixedproducts
[21:34:37] Deleting unwanted file: results/prokka/genomeA/genomeA.ecn
[21:34:37] Deleting unwanted file: results/prokka/genomeA/genomeA.val
[21:34:37] Repairing broken .GBK output that tbl2asn produces...
[21:34:37] Running: sed 's/COORDINATES: profile/COORDINATES:profile/' < results\/prokka\/genomeA\/genomeA\.gbf > results\/prokka\/genomeA\/genomeA\.gbk
[21:34:37] Deleting unwanted file: results/prokka/genomeA/genomeA.gbf
[21:34:37] Output files:
[21:34:37] results/prokka/genomeA/genomeA.sqn
[21:34:37] results/prokka/genomeA/genomeA.tbl
[21:34:37] results/prokka/genomeA/genomeA.gbk
[21:34:37] results/prokka/genomeA/genomeA.fna
[21:34:37] results/prokka/genomeA/genomeA.ffn
[21:34:37] results/prokka/genomeA/genomeA.txt
[21:34:37] results/prokka/genomeA/genomeA.faa
[21:34:37] results/prokka/genomeA/genomeA.gff
[21:34:37] results/prokka/genomeA/genomeA.tsv
[21:34:37] results/prokka/genomeA/genomeA.log
[21:34:37] results/prokka/genomeA/genomeA.err
[21:34:37] results/prokka/genomeA/genomeA.fsa
[21:34:37] Annotation finished successfully.
[21:34:37] Walltime used: 0.23 minutes
[21:34:37] If you use this result please cite the Prokka paper:
[21:34:37] Seemann T (2014) Prokka: rapid prokaryotic genome annotation. Bioinformatics. 30(14):2068-9.
[21:34:37] Type 'prokka --citation' for more details.
[21:34:37] Thank you, come again.

[tbl2asn-forever] Found Prokka input, correcting dates in .gbf|.sqn files.
[tbl2asn-forever] Correcting dates in results/prokka/genomeA/genomeA.gbf
[tbl2asn-forever] Correcting dates in results/prokka/genomeA/genomeA.sqn
[tbl2asn-forever] Dates changed from 01-JAN-2019 to 04-NOV-2025

[21:34:39] This is prokka 1.14.6
[21:34:39] Written by Torsten Seemann <torsten.seemann@gmail.com>
[21:34:39] Homepage is https://github.com/tseemann/prokka
[21:34:39] Local time is Tue Nov  4 21:34:39 2025
[21:34:39] You are laura
[21:34:39] Operating system is linux
[21:34:39] You have BioPerl 1.7.8
Argument "1.7.8" isn't numeric in numeric lt (<) at /home/laura/miniforge3/envs/genflow-prokka/bin/prokka line 259.
[21:34:39] System has 8 cores.
[21:34:39] Will use maximum of 2 cores.
[21:34:39] Annotating as >>> Bacteria <<<
[21:34:39] Generating locus_tag from 'Intermediate/genomeB.fasta' contents.
[21:34:39] Setting --locustag HBIPEPBK from MD5 1b29e9b4120e76e7cb7c2844bc6dd845
[21:34:39] Re-using existing --outdir results/prokka/genomeB
[21:34:39] Using filename prefix: genomeB.XXX
[21:34:39] Setting HMMER_NCPU=1
[21:34:39] Writing log to: results/prokka/genomeB/genomeB.log
[21:34:39] Command: /home/laura/miniforge3/envs/genflow-prokka/bin/prokka --outdir results/prokka/genomeB --prefix genomeB --cpus 2 --force Intermediate/genomeB.fasta
[21:34:39] Appending to PATH: /home/laura/miniforge3/envs/genflow-prokka/bin
[21:34:39] Looking for 'aragorn' - found /home/laura/miniforge3/envs/genflow-prokka/bin/aragorn
[21:34:39] Determined aragorn version is 001002 from 'ARAGORN v1.2.41 Dean Laslett'
[21:34:39] Looking for 'barrnap' - found /home/laura/miniforge3/envs/genflow-prokka/bin/barrnap
[21:34:39] Determined barrnap version is 000009 from 'barrnap 0.9'
[21:34:39] Looking for 'blastp' - found /home/laura/miniforge3/envs/genflow-prokka/bin/blastp
[21:34:40] Determined blastp version is 002014 from 'blastp: 2.14.1+'
[21:34:40] Looking for 'cmpress' - found /home/laura/miniforge3/envs/genflow-prokka/bin/cmpress
[21:34:40] Determined cmpress version is 001001 from '# INFERNAL 1.1.5 (Sep 2023)'
[21:34:40] Looking for 'cmscan' - found /home/laura/miniforge3/envs/genflow-prokka/bin/cmscan
[21:34:40] Determined cmscan version is 001001 from '# INFERNAL 1.1.5 (Sep 2023)'
[21:34:40] Looking for 'egrep' - found /usr/bin/egrep
[21:34:40] Looking for 'find' - found /usr/bin/find
[21:34:40] Looking for 'grep' - found /usr/bin/grep
[21:34:40] Looking for 'hmmpress' - found /home/laura/miniforge3/envs/genflow-prokka/bin/hmmpress
[21:34:40] Determined hmmpress version is 003003 from '# HMMER 3.3.2 (Nov 2020); http://hmmer.org/'
[21:34:40] Looking for 'hmmscan' - found /home/laura/miniforge3/envs/genflow-prokka/bin/hmmscan
[21:34:40] Determined hmmscan version is 003003 from '# HMMER 3.3.2 (Nov 2020); http://hmmer.org/'
[21:34:40] Looking for 'java' - found /home/laura/miniforge3/envs/genflow-prokka/bin/java
[21:34:40] Looking for 'makeblastdb' - found /home/laura/miniforge3/envs/genflow-prokka/bin/makeblastdb
[21:34:40] Determined makeblastdb version is 002014 from 'makeblastdb: 2.14.1+'
[21:34:40] Looking for 'minced' - found /home/laura/miniforge3/envs/genflow-prokka/bin/minced
[21:34:40] Determined minced version is 004002 from 'minced 0.4.2'
[21:34:40] Looking for 'parallel' - found /home/laura/miniforge3/envs/genflow-prokka/bin/parallel
[21:34:40] Determined parallel version is 20250822 from 'GNU parallel 20250822'
[21:34:40] Looking for 'prodigal' - found /home/laura/miniforge3/envs/genflow-prokka/bin/prodigal
[21:34:40] Determined prodigal version is 002006 from 'Prodigal V2.6.3: February, 2016'
[21:34:40] Looking for 'prokka-genbank_to_fasta_db' - found /home/laura/miniforge3/envs/genflow-prokka/bin/prokka-genbank_to_fasta_db
[21:34:40] Looking for 'sed' - found /usr/bin/sed
[21:34:40] Looking for 'tbl2asn' - found /home/laura/miniforge3/envs/genflow-prokka/bin/tbl2asn
[21:34:40] Determined tbl2asn version is 025007 from 'tbl2asn 25.7   arguments:'
[21:34:40] Using genetic code table 11.
[21:34:40] Loading and checking input file: Intermediate/genomeB.fasta
[21:34:40] Wrote 1 contigs totalling 76209 bp.
[21:34:40] Predicting tRNAs and tmRNAs
[21:34:40] Running: aragorn -l -gc11  -w results\/prokka\/genomeB\/genomeB\.fna
[21:34:40] Found 0 tRNAs
[21:34:40] Predicting Ribosomal RNAs
[21:34:40] Running Barrnap with 2 threads
[21:34:40] Found 0 rRNAs
[21:34:40] Skipping ncRNA search, enable with --rfam if desired.
[21:34:40] Total of 0 tRNA + rRNA features
[21:34:40] Searching for CRISPR repeats
[21:34:41] Found 0 CRISPRs
[21:34:41] Predicting coding sequences
[21:34:41] Contigs total 76209 bp, so using meta mode
[21:34:41] Running: prodigal -i results\/prokka\/genomeB\/genomeB\.fna -c -m -g 11 -p meta -f sco -q
[21:34:41] Found 66 CDS
[21:34:41] Connecting features back to sequences
[21:34:41] Not using genus-specific database. Try --usegenus to enable it.
[21:34:41] Annotating CDS, please be patient.
[21:34:41] Will use 2 CPUs for similarity searching.
[21:34:41] There are still 66 unannotated CDS left (started with 66)
[21:34:41] Will use blast to search against /home/laura/miniforge3/envs/genflow-prokka/db/kingdom/Bacteria/IS with 2 CPUs
[21:34:41] Running: cat results\/prokka\/genomeB\/genomeB\.IS\.tmp\.61528\.faa | parallel --gnu --plain -j 2 --block 5526 --recstart '>' --pipe blastp -query - -db /home/laura/miniforge3/envs/genflow-prokka/db/kingdom/Bacteria/IS -evalue 1e-30 -qcov_hsp_perc 90 -num_threads 1 -num_descriptions 1 -num_alignments 1 -seg no > results\/prokka\/genomeB\/genomeB\.IS\.tmp\.61528\.blast 2> /dev/null
[21:34:43] Deleting unwanted file: results/prokka/genomeB/genomeB.IS.tmp.61528.faa
[21:34:43] Deleting unwanted file: results/prokka/genomeB/genomeB.IS.tmp.61528.blast
[21:34:43] There are still 66 unannotated CDS left (started with 66)
[21:34:43] Will use blast to search against /home/laura/miniforge3/envs/genflow-prokka/db/kingdom/Bacteria/AMR with 2 CPUs
[21:34:43] Running: cat results\/prokka\/genomeB\/genomeB\.AMR\.tmp\.61528\.faa | parallel --gnu --plain -j 2 --block 5526 --recstart '>' --pipe blastp -query - -db /home/laura/miniforge3/envs/genflow-prokka/db/kingdom/Bacteria/AMR -evalue 1e-300 -qcov_hsp_perc 90 -num_threads 1 -num_descriptions 1 -num_alignments 1 -seg no > results\/prokka\/genomeB\/genomeB\.AMR\.tmp\.61528\.blast 2> /dev/null
[21:34:44] Deleting unwanted file: results/prokka/genomeB/genomeB.AMR.tmp.61528.faa
[21:34:44] Deleting unwanted file: results/prokka/genomeB/genomeB.AMR.tmp.61528.blast
[21:34:44] There are still 66 unannotated CDS left (started with 66)
[21:34:44] Will use blast to search against /home/laura/miniforge3/envs/genflow-prokka/db/kingdom/Bacteria/sprot with 2 CPUs
[21:34:44] Running: cat results\/prokka\/genomeB\/genomeB\.sprot\.tmp\.61528\.faa | parallel --gnu --plain -j 2 --block 5526 --recstart '>' --pipe blastp -query - -db /home/laura/miniforge3/envs/genflow-prokka/db/kingdom/Bacteria/sprot -evalue 1e-09 -qcov_hsp_perc 80 -num_threads 1 -num_descriptions 1 -num_alignments 1 -seg no > results\/prokka\/genomeB\/genomeB\.sprot\.tmp\.61528\.blast 2> /dev/null
[21:34:49] Modify product: Probable phosphatase Rv3661 => putative phosphatase
[21:34:49] Cleaned 1 /product names
[21:34:49] Deleting unwanted file: results/prokka/genomeB/genomeB.sprot.tmp.61528.faa
[21:34:49] Deleting unwanted file: results/prokka/genomeB/genomeB.sprot.tmp.61528.blast
[21:34:49] There are still 37 unannotated CDS left (started with 66)
[21:34:49] Will use hmmer3 to search against /home/laura/miniforge3/envs/genflow-prokka/db/hmm/HAMAP.hmm with 2 CPUs
[21:34:49] Running: cat results\/prokka\/genomeB\/genomeB\.HAMAP\.hmm\.tmp\.61528\.faa | parallel --gnu --plain -j 2 --block 2654 --recstart '>' --pipe hmmscan --noali --notextw --acc -E 1e-09 --cpu 1 /home/laura/miniforge3/envs/genflow-prokka/db/hmm/HAMAP.hmm /dev/stdin > results\/prokka\/genomeB\/genomeB\.HAMAP\.hmm\.tmp\.61528\.hmmer3 2> /dev/null
[21:34:50] Deleting unwanted file: results/prokka/genomeB/genomeB.HAMAP.hmm.tmp.61528.faa
[21:34:50] Deleting unwanted file: results/prokka/genomeB/genomeB.HAMAP.hmm.tmp.61528.hmmer3
[21:34:50] Labelling remaining 32 proteins as 'hypothetical protein'
[21:34:50] Found 32 unique /gene codes.
[21:34:50] Fixed 0 colliding /gene names.
[21:34:50] Adding /locus_tag identifiers
[21:34:50] Assigned 66 locus_tags to CDS and RNA features.
[21:34:50] Writing outputs to results/prokka/genomeB/
[21:34:51] Generating annotation statistics file
[21:34:51] Generating Genbank and Sequin files
[21:34:51] Running: tbl2asn -V b -a r10k -l paired-ends -M n -N 1 -y 'Annotated using prokka 1.14.6 from https://github.com/tseemann/prokka' -Z results\/prokka\/genomeB\/genomeB\.err -i results\/prokka\/genomeB\/genomeB\.fsa 2> /dev/null
[21:34:51] Deleting unwanted file: results/prokka/genomeB/errorsummary.val
[21:34:51] Deleting unwanted file: results/prokka/genomeB/genomeB.dr
[21:34:51] Deleting unwanted file: results/prokka/genomeB/genomeB.fixedproducts
[21:34:51] Deleting unwanted file: results/prokka/genomeB/genomeB.ecn
[21:34:51] Deleting unwanted file: results/prokka/genomeB/genomeB.val
[21:34:51] Repairing broken .GBK output that tbl2asn produces...
[21:34:51] Running: sed 's/COORDINATES: profile/COORDINATES:profile/' < results\/prokka\/genomeB\/genomeB\.gbf > results\/prokka\/genomeB\/genomeB\.gbk
[21:34:51] Deleting unwanted file: results/prokka/genomeB/genomeB.gbf
[21:34:51] Output files:
[21:34:51] results/prokka/genomeB/genomeB.gbk
[21:34:51] results/prokka/genomeB/genomeB.tsv
[21:34:51] results/prokka/genomeB/genomeB.txt
[21:34:51] results/prokka/genomeB/genomeB.ffn
[21:34:51] results/prokka/genomeB/genomeB.sqn
[21:34:51] results/prokka/genomeB/genomeB.gff
[21:34:51] results/prokka/genomeB/genomeB.err
[21:34:51] results/prokka/genomeB/genomeB.log
[21:34:51] results/prokka/genomeB/genomeB.tbl
[21:34:51] results/prokka/genomeB/genomeB.fsa
[21:34:51] results/prokka/genomeB/genomeB.fna
[21:34:51] results/prokka/genomeB/genomeB.faa
[21:34:51] Annotation finished successfully.
[21:34:51] Walltime used: 0.20 minutes
[21:34:51] If you use this result please cite the Prokka paper:
[21:34:51] Seemann T (2014) Prokka: rapid prokaryotic genome annotation. Bioinformatics. 30(14):2068-9.
[21:34:51] Type 'prokka --citation' for more details.
[21:34:51] Thank you, come again.

[tbl2asn-forever] Found Prokka input, correcting dates in .gbf|.sqn files.
[tbl2asn-forever] Correcting dates in results/prokka/genomeB/genomeB.gbf
[tbl2asn-forever] Correcting dates in results/prokka/genomeB/genomeB.sqn
[tbl2asn-forever] Dates changed from 01-JAN-2019 to 04-NOV-2025

